000 - ice-cream cone
001 - green juice
002 - apple pie
005 - strawberry
014 - sashimi
023 - orange juice
027 - chocolate gâteau
028 - crab
029 - chewing gum
030 - fried chicken
033 - quiche
035 - mushroom
036 - kimchi
037 - caviar
039 - milk
040 - pot stickers
041 - butter cookie
042 - gummy candy
043 - gratin
044 - creamy stew
045 - crepe
046 - grapefruit
047 - croissant
048 - tea
049 - coffee
050 - tomato soup
051 - rice
054 - cherries
055 - [UNUSED as a food item, appears in the Mii News report "#120 [Mii] Crab"]
056 - salad
059 - sandwich
061 - buttered potato
062 - cream puff
064 - strawberry shortcake
065 - white bread
067 - watermelon
068 - tap water
070 - sushi
071 - steak
072 - sweet-and-sour pork
074 - sausage
075 - soft-serve ice cream
078 - tacos
082 - fried rice
084 - chocolate
085 - chocolate sundae
086 - tempura
087 - red chili pepper
089 - corn on the cob
090 - doughnut
093 - pork bun
094 - banana
095 - fried spring rolls
096 - cheeseburger
097 - salisbury steak
098 - pizza
099 - cracker
100 - grapes
101 - french fries
102 - flan
103 - blue cheese
104 - french toast
105 - lollipop
106 - potato chips
107 - drumstick
109 - macadamia nuts
111 - spaghetti
112 - orange
114 - fried egg
116 - peach
118 - yakisoba
119 - cooked eggplant
120 - hard-boiled egg
122 - ramen
123 - apple
129 - meat-and-potato stew
132 - tomato juice
133 - avocado
134 - bacon
135 - broccoli
136 - calamari
137 - roasted chestnuts
138 - cotton candy
139 - cappuccino
140 - coconut
141 - cornflakes
143 - birthday cake
144 - cheesecake
145 - kiwi
146 - lasagna
147 - macaron
148 - meatballs
149 - melon
150 - napoleon cake
151 - muffin
152 - raw oyster
153 - paella
154 - space food
155 - peanuts
156 - pear
157 - pretzel
158 - risotto
159 - roast beef
160 - salami
161 - escargot
162 - spaghetti peperoncino
163 - squid-ink spaghetti
164 - tiramisu
165 - candy apple
166 - truffle
167 - roast turkey
168 - waffle
169 - yogurt
170 - gelatin snack
171 - soda
172 - pancakes
175 - instant noodles
177 - moldy bread
178 - spoiled milk
179 - banana peel
180 - stuffed cabbage roll
182 - protein shake
183 - tomato
184 - apple juice
185 - mango
186 - hot dog
187 - cheese
188 - Prosciutto
189 - pineapple
190 - salmon meunière
191 - chili prawns
192 - peking duck
194 - octopus
195 - green pepper
196 - stewed beef
198 - pot-au-feu
199 - ruined meal
207 - yakitori
211 - fresh spring rolls
213 - onion gratin soup
215 - celery
223 - popcorn
224 - durian
225 - garlic
229 - smoothie
230 - espresso
231 - honey
232 - gyro
233 - lemonade
234 - olives
235 - polenta
236 - ravioli
237 - schnitzel
238 - roast chicken
239 - spanish omelet
240 - biscuit
241 - smoked salmon
242 - sunflower seeds
243 - chamomile tea
244 - hot chocolate
245 - black forest gâteau
246 - prawn salad
247 - pork cutlet
248 - herring
249 - licorice
250 - mashed potatoes
251 - pasta pesto
252 - danish pastry
253 - porridge
254 - beef jerky
255 - brownie
256 - carrot cake
257 - chicken noodle soup
258 - cinnamon roll
259 - clam chowder
260 - coleslaw
261 - corn dog
262 - eggnog
263 - grits
264 - hash browns
265 - nachos
266 - oatmeal
267 - onion rings
268 - PB&J
269 - pumpkin pie
270 - split-pea soup
271 - baked beans
272 - baked potato
273 - banana split
274 - bubble tea
275 - buffalo wings
276 - sardines
277 - cherry pie
278 - chicken pot pie
279 - elephant ear
280 - frozen yogurt
281 - granola parfait
282 - grilled cheese
283 - hard candy
284 - ice-cream sandwich
285 - key lime pie
286 - macaroni and cheese
287 - milkshake
288 - oatmeal cookie
289 - red velvet cake
290 - s'more
291 - spiced apple cider
292 - stuffing
293 - veggie burger
294 - yerba maté
295 - root-beer float
296 - string cheese
297 - brussels sprouts
298 - clotted cream
299 - gingerbread cake
300 - panini
301 - fudge
302 - fish cakes
303 - fish sticks
351 - loco moco
352 - habanero
353 - lobster
369 - pickles
372 - sports drink
373 - popcorn shrimp
374 - frozen treat
375 - fried tofu
376 - saltine crackers
377 - filet mignon
378 - fancy cupcake
379 - barbecue
380 - candy corn