000 - smelly sock
001 - expensive-looking vase
002 - box of tissues
003 - toilet paper
004 - jump rope
005 - basketball
006 - fountain pen
008 - Game Boy
009 - Virtual Boy
010 - faucet
012 - brass key
013 - seashell
014 - spinning toy
015 - screw
016 - four-leaf clover
017 - balloon
018 - ammonite fossil
019 - russian dolls
020 - Game & Watch
021 - marble
022 - toy robot
023 - inner tube
024 - binoculars
026 - wooden spoon
027 - hourglass
028 - loofah
029 - plastic trophy
030 - crystal
032 - bronze trophy
033 - silver trophy
034 - gold trophy
035 - platinum trophy
036 - gold coin
037 - silver coin
038 - family album
039 - glass slipper
040 - rubber ducky
041 - acorn
042 - whoopee cushion
043 - compass
045 - pocket watch
046 - bonsai tree
047 - bouquet
049 - engagement ring
050 - teddy bear
052 - clay figure
053 - lucky cat
054 - origami crane
056 - pearl necklace
057 - gold bar
058 - carnation
059 - die
060 - snow globe
061 - rose
062 - glass ornament
063 - diamond
064 - coral
065 - collar
070 - mug
072 - disposable diaper
076 - lipstick
077 - perfume
078 - CRT television
079 - receipt
080 - pebble
081 - hotel toiletries
085 - scented candle
088 - kneaded eraser
089 - flashlight
090 - bell
093 - cork stopper
094 - pinecone
095 - toothbrush
098 - nail clippers
099 - ruby pendant
100 - gold earrings
101 - silver bracelet
102 - disco ball
103 - tulip
104 - copper coin
105 - packet of tissues
106 - squirt gun
107 - magnifying glass
109 - bamboo box
110 - stethoscope
111 - golden spoon
112 - microchip
113 - marionette
115 - skeleton key chain
116 - box of matches
117 - paint bucket
118 - security camera
119 - comb
120 - dowsing rods
121 - red thread
122 - martian rock
123 - fancy soap
124 - sunset key chain
126 - home-run ball
127 - krama scarf
128 - plush panda
131 - pan flute
132 - cowbell
133 - folding fan
134 - desert sand
135 - door handle
136 - manhole cover
137 - conch
138 - solar panel
139 - cane
140 - NES
141 - domino
142 - barbell
143 - spinning top
144 - chess piece
145 - wind chime
146 - metal spatula
147 - cup and ball
148 - teapot
149 - backpack
150 - whiteboard eraser
151 - Super Scope
152 - R.O.B.
153 - potty
154 - lantern
155 - scourer
156 - clothespin
157 - kangaroo-warning sign
158 - shell necklace
159 - bowling ball
160 - vuvuzela
161 - broom
162 - historical bust
163 - cuckoo clock
164 - diary
165 - antique clock
166 - jewelry box
167 - lump of coal
168 - rocking horse
169 - abacus
170 - geode
171 - phonograph
172 - finger trap
173 - footbag
174 - foam hand
175 - chattery teeth
176 - beads
177 - swimming certificate
178 - hula girl
179 - tape player
180 - globe
181 - nutcracker